// Jest Snapshot v1, https://goo.gl/fbAQLP

exports[`Breadcrumbs breadcrumbs with onclicks (snapshot) 1`] = `
<div
  className="breadcrumbs"
>
  <a
    className="breadcrumbs-item"
    href="/"
    onClick={[Function]}
  >
    <button
      className="breadcrumbs-item-link"
      disabled={false}
      onBlur={[Function]}
      onClick={[Function]}
      onFocus={[Function]}
      onKeyDown={[Function]}
      onKeyUp={[Function]}
      onMouseEnter={[Function]}
      onMouseLeave={[Function]}
      onTouchStart={[Function]}
      style={
        Object {
          "WebkitTapHighlightColor": "rgba(0, 0, 0, 0)",
          "backgroundColor": "rgba(0, 0, 0, 0)",
          "border": 10,
          "borderRadius": 2,
          "boxSizing": "border-box",
          "color": "rgba(0, 0, 0, 0.87)",
          "cursor": "pointer",
          "display": "inline-block",
          "fontFamily": "Roboto, sans-serif",
          "fontSize": "inherit",
          "fontWeight": "inherit",
          "height": "auto",
          "lineHeight": "auto",
          "margin": 0,
          "minWidth": "50px",
          "muiPrepared": true,
          "outline": "none",
          "overflow": "visible",
          "padding": 0,
          "position": "relative",
          "textAlign": "center",
          "textDecoration": "none",
          "transition": "all 450ms cubic-bezier(0.23, 1, 0.32, 1) 0ms",
          "userSelect": "none",
          "verticalAlign": null,
        }
      }
      tabIndex={0}
      type="button"
    >
      <div
        onMouseDown={[Function]}
        onMouseLeave={[Function]}
        onMouseUp={[Function]}
        onTouchEnd={[Function]}
        onTouchStart={[Function]}
      >
        Home
      </div>
    </button>
  </a>
  <span
    className="material-icons breadcrumbs-arrow"
    color=""
    onMouseEnter={[Function]}
    onMouseLeave={[Function]}
    style={
      Object {
        "color": "rgba(0, 0, 0, 0.87)",
        "display": "inline-block",
        "fontSize": 24,
        "muiPrepared": true,
        "position": "relative",
        "transition": "all 450ms cubic-bezier(0.23, 1, 0.32, 1) 0ms",
        "userSelect": "none",
      }
    }
  >
    keyboard_arrow_right
  </span>
  <a
    className="breadcrumbs-item"
    href="/lib"
    onClick={[Function]}
  >
    <button
      className="breadcrumbs-item-link"
      disabled={false}
      onBlur={[Function]}
      onClick={[Function]}
      onFocus={[Function]}
      onKeyDown={[Function]}
      onKeyUp={[Function]}
      onMouseEnter={[Function]}
      onMouseLeave={[Function]}
      onTouchStart={[Function]}
      style={
        Object {
          "WebkitTapHighlightColor": "rgba(0, 0, 0, 0)",
          "backgroundColor": "rgba(0, 0, 0, 0)",
          "border": 10,
          "borderRadius": 2,
          "boxSizing": "border-box",
          "color": "rgba(0, 0, 0, 0.87)",
          "cursor": "pointer",
          "display": "inline-block",
          "fontFamily": "Roboto, sans-serif",
          "fontSize": "inherit",
          "fontWeight": "inherit",
          "height": "auto",
          "lineHeight": "auto",
          "margin": 0,
          "minWidth": "50px",
          "muiPrepared": true,
          "outline": "none",
          "overflow": "visible",
          "padding": 0,
          "position": "relative",
          "textAlign": "center",
          "textDecoration": "none",
          "transition": "all 450ms cubic-bezier(0.23, 1, 0.32, 1) 0ms",
          "userSelect": "none",
          "verticalAlign": null,
        }
      }
      tabIndex={0}
      type="button"
    >
      <div
        onMouseDown={[Function]}
        onMouseLeave={[Function]}
        onMouseUp={[Function]}
        onTouchEnd={[Function]}
        onTouchStart={[Function]}
      >
        My Library
      </div>
    </button>
  </a>
  <span
    className="material-icons breadcrumbs-arrow"
    color=""
    onMouseEnter={[Function]}
    onMouseLeave={[Function]}
    style={
      Object {
        "color": "rgba(0, 0, 0, 0.87)",
        "display": "inline-block",
        "fontSize": 24,
        "muiPrepared": true,
        "position": "relative",
        "transition": "all 450ms cubic-bezier(0.23, 1, 0.32, 1) 0ms",
        "userSelect": "none",
      }
    }
  >
    keyboard_arrow_right
  </span>
  <a
    className="breadcrumbs-item"
    href="/colA"
    onClick={[Function]}
  >
    <button
      className="breadcrumbs-item-link"
      disabled={false}
      onBlur={[Function]}
      onClick={[Function]}
      onFocus={[Function]}
      onKeyDown={[Function]}
      onKeyUp={[Function]}
      onMouseEnter={[Function]}
      onMouseLeave={[Function]}
      onTouchStart={[Function]}
      style={
        Object {
          "WebkitTapHighlightColor": "rgba(0, 0, 0, 0)",
          "backgroundColor": "rgba(0, 0, 0, 0)",
          "border": 10,
          "borderRadius": 2,
          "boxSizing": "border-box",
          "color": "rgba(0, 0, 0, 0.87)",
          "cursor": "pointer",
          "display": "inline-block",
          "fontFamily": "Roboto, sans-serif",
          "fontSize": "inherit",
          "fontWeight": "inherit",
          "height": "auto",
          "lineHeight": "auto",
          "margin": 0,
          "minWidth": "50px",
          "muiPrepared": true,
          "outline": "none",
          "overflow": "visible",
          "padding": 0,
          "position": "relative",
          "textAlign": "center",
          "textDecoration": "none",
          "transition": "all 450ms cubic-bezier(0.23, 1, 0.32, 1) 0ms",
          "userSelect": "none",
          "verticalAlign": null,
        }
      }
      tabIndex={0}
      type="button"
    >
      <div
        onMouseDown={[Function]}
        onMouseLeave={[Function]}
        onMouseUp={[Function]}
        onTouchEnd={[Function]}
        onTouchStart={[Function]}
      >
        Collection A
      </div>
    </button>
  </a>
  <span
    className="material-icons breadcrumbs-arrow"
    color=""
    onMouseEnter={[Function]}
    onMouseLeave={[Function]}
    style={
      Object {
        "color": "rgba(0, 0, 0, 0.87)",
        "display": "inline-block",
        "fontSize": 24,
        "muiPrepared": true,
        "position": "relative",
        "transition": "all 450ms cubic-bezier(0.23, 1, 0.32, 1) 0ms",
        "userSelect": "none",
      }
    }
  >
    keyboard_arrow_right
  </span>
  <span
    className="breadcrumbs-item breadcrumbs-item--active"
  >
    Manual B
  </span>
</div>
`;

exports[`Breadcrumbs normal breadcrumbs (snapshot) 1`] = `
<div
  className="breadcrumbs"
>
  <a
    className="breadcrumbs-item"
    href="/"
    onClick={[Function]}
  >
    <button
      className="breadcrumbs-item-link"
      disabled={false}
      onBlur={[Function]}
      onClick={[Function]}
      onFocus={[Function]}
      onKeyDown={[Function]}
      onKeyUp={[Function]}
      onMouseEnter={[Function]}
      onMouseLeave={[Function]}
      onTouchStart={[Function]}
      style={
        Object {
          "WebkitTapHighlightColor": "rgba(0, 0, 0, 0)",
          "backgroundColor": "rgba(0, 0, 0, 0)",
          "border": 10,
          "borderRadius": 2,
          "boxSizing": "border-box",
          "color": "rgba(0, 0, 0, 0.87)",
          "cursor": "pointer",
          "display": "inline-block",
          "fontFamily": "Roboto, sans-serif",
          "fontSize": "inherit",
          "fontWeight": "inherit",
          "height": "auto",
          "lineHeight": "auto",
          "margin": 0,
          "minWidth": "50px",
          "muiPrepared": true,
          "outline": "none",
          "overflow": "visible",
          "padding": 0,
          "position": "relative",
          "textAlign": "center",
          "textDecoration": "none",
          "transition": "all 450ms cubic-bezier(0.23, 1, 0.32, 1) 0ms",
          "userSelect": "none",
          "verticalAlign": null,
        }
      }
      tabIndex={0}
      type="button"
    >
      <div
        onMouseDown={[Function]}
        onMouseLeave={[Function]}
        onMouseUp={[Function]}
        onTouchEnd={[Function]}
        onTouchStart={[Function]}
      >
        Home
      </div>
    </button>
  </a>
  <span
    className="material-icons breadcrumbs-arrow"
    color=""
    onMouseEnter={[Function]}
    onMouseLeave={[Function]}
    style={
      Object {
        "color": "rgba(0, 0, 0, 0.87)",
        "display": "inline-block",
        "fontSize": 24,
        "muiPrepared": true,
        "position": "relative",
        "transition": "all 450ms cubic-bezier(0.23, 1, 0.32, 1) 0ms",
        "userSelect": "none",
      }
    }
  >
    keyboard_arrow_right
  </span>
  <a
    className="breadcrumbs-item"
    href="/lib"
    onClick={[Function]}
  >
    <button
      className="breadcrumbs-item-link"
      disabled={false}
      onBlur={[Function]}
      onClick={[Function]}
      onFocus={[Function]}
      onKeyDown={[Function]}
      onKeyUp={[Function]}
      onMouseEnter={[Function]}
      onMouseLeave={[Function]}
      onTouchStart={[Function]}
      style={
        Object {
          "WebkitTapHighlightColor": "rgba(0, 0, 0, 0)",
          "backgroundColor": "rgba(0, 0, 0, 0)",
          "border": 10,
          "borderRadius": 2,
          "boxSizing": "border-box",
          "color": "rgba(0, 0, 0, 0.87)",
          "cursor": "pointer",
          "display": "inline-block",
          "fontFamily": "Roboto, sans-serif",
          "fontSize": "inherit",
          "fontWeight": "inherit",
          "height": "auto",
          "lineHeight": "auto",
          "margin": 0,
          "minWidth": "50px",
          "muiPrepared": true,
          "outline": "none",
          "overflow": "visible",
          "padding": 0,
          "position": "relative",
          "textAlign": "center",
          "textDecoration": "none",
          "transition": "all 450ms cubic-bezier(0.23, 1, 0.32, 1) 0ms",
          "userSelect": "none",
          "verticalAlign": null,
        }
      }
      tabIndex={0}
      type="button"
    >
      <div
        onMouseDown={[Function]}
        onMouseLeave={[Function]}
        onMouseUp={[Function]}
        onTouchEnd={[Function]}
        onTouchStart={[Function]}
      >
        My Library
      </div>
    </button>
  </a>
  <span
    className="material-icons breadcrumbs-arrow"
    color=""
    onMouseEnter={[Function]}
    onMouseLeave={[Function]}
    style={
      Object {
        "color": "rgba(0, 0, 0, 0.87)",
        "display": "inline-block",
        "fontSize": 24,
        "muiPrepared": true,
        "position": "relative",
        "transition": "all 450ms cubic-bezier(0.23, 1, 0.32, 1) 0ms",
        "userSelect": "none",
      }
    }
  >
    keyboard_arrow_right
  </span>
  <a
    className="breadcrumbs-item"
    href="/colA"
    onClick={[Function]}
  >
    <button
      className="breadcrumbs-item-link"
      disabled={false}
      onBlur={[Function]}
      onClick={[Function]}
      onFocus={[Function]}
      onKeyDown={[Function]}
      onKeyUp={[Function]}
      onMouseEnter={[Function]}
      onMouseLeave={[Function]}
      onTouchStart={[Function]}
      style={
        Object {
          "WebkitTapHighlightColor": "rgba(0, 0, 0, 0)",
          "backgroundColor": "rgba(0, 0, 0, 0)",
          "border": 10,
          "borderRadius": 2,
          "boxSizing": "border-box",
          "color": "rgba(0, 0, 0, 0.87)",
          "cursor": "pointer",
          "display": "inline-block",
          "fontFamily": "Roboto, sans-serif",
          "fontSize": "inherit",
          "fontWeight": "inherit",
          "height": "auto",
          "lineHeight": "auto",
          "margin": 0,
          "minWidth": "50px",
          "muiPrepared": true,
          "outline": "none",
          "overflow": "visible",
          "padding": 0,
          "position": "relative",
          "textAlign": "center",
          "textDecoration": "none",
          "transition": "all 450ms cubic-bezier(0.23, 1, 0.32, 1) 0ms",
          "userSelect": "none",
          "verticalAlign": null,
        }
      }
      tabIndex={0}
      type="button"
    >
      <div
        onMouseDown={[Function]}
        onMouseLeave={[Function]}
        onMouseUp={[Function]}
        onTouchEnd={[Function]}
        onTouchStart={[Function]}
      >
        Collection A
      </div>
    </button>
  </a>
  <span
    className="material-icons breadcrumbs-arrow"
    color=""
    onMouseEnter={[Function]}
    onMouseLeave={[Function]}
    style={
      Object {
        "color": "rgba(0, 0, 0, 0.87)",
        "display": "inline-block",
        "fontSize": 24,
        "muiPrepared": true,
        "position": "relative",
        "transition": "all 450ms cubic-bezier(0.23, 1, 0.32, 1) 0ms",
        "userSelect": "none",
      }
    }
  >
    keyboard_arrow_right
  </span>
  <span
    className="breadcrumbs-item breadcrumbs-item--active"
  >
    Manual B
  </span>
</div>
`;

exports[`Breadcrumbs single breadcrumb (snapshot) 1`] = `
<div
  className="breadcrumbs"
>
  <span
    className="breadcrumbs-item breadcrumbs-item--active"
  >
    Home
  </span>
</div>
`;
