// Jest Snapshot v1, https://goo.gl/fbAQLP

exports[`Tree navigator Tree navigator (snapshot) 1`] = `
<div
  className="tree-navigator is-root"
>
  <div
    className="tree-navigator-parent"
    onClick={[Function]}
    onDoubleClick={[Function]}
  >
    <span
      className="tree-navigator-parent-back"
      onClick={[Function]}
    >
      <span
        className="material-icons tree-navigator-parent-back-icon"
        color="#313131"
        onMouseEnter={[Function]}
        onMouseLeave={[Function]}
        style={
          Object {
            "color": "#313131",
            "display": "inline-block",
            "fontSize": 20,
            "muiPrepared": true,
            "position": "relative",
            "transition": "all 450ms cubic-bezier(0.23, 1, 0.32, 1) 0ms",
            "userSelect": "none",
          }
        }
      >
        keyboard_arrow_left
      </span>
    </span>
    <label
      className="tree-navigator-parent-label"
    >
      Root
    </label>
  </div>
  <div
    className="tree-navigator-rows"
  >
    <div
      className="tree-navigator-row"
      onClick={[Function]}
      onDoubleClick={[Function]}
    >
      <span
        className="material-icons tree-navigator-row-folder-icon"
        color="#313131"
        onMouseEnter={[Function]}
        onMouseLeave={[Function]}
        style={
          Object {
            "color": "#313131",
            "display": "inline-block",
            "fontSize": 16,
            "muiPrepared": true,
            "position": "relative",
            "transition": "all 450ms cubic-bezier(0.23, 1, 0.32, 1) 0ms",
            "userSelect": "none",
          }
        }
      >
        folder
      </span>
      <label
        className="tree-navigator-row-label"
      >
        Item 1
      </label>
      <span
        className="tree-navigator-row-enter"
        onClick={[Function]}
      >
        <span
          className="material-icons tree-navigator-row-enter-icon"
          color="#313131"
          onMouseEnter={[Function]}
          onMouseLeave={[Function]}
          style={
            Object {
              "color": "#313131",
              "display": "inline-block",
              "fontSize": 20,
              "muiPrepared": true,
              "position": "relative",
              "transition": "all 450ms cubic-bezier(0.23, 1, 0.32, 1) 0ms",
              "userSelect": "none",
            }
          }
        >
          keyboard_arrow_right
        </span>
      </span>
    </div>
    <div
      className="tree-navigator-row"
      onClick={[Function]}
      onDoubleClick={[Function]}
    >
      <span
        className="material-icons tree-navigator-row-folder-icon"
        color="#313131"
        onMouseEnter={[Function]}
        onMouseLeave={[Function]}
        style={
          Object {
            "color": "#313131",
            "display": "inline-block",
            "fontSize": 16,
            "muiPrepared": true,
            "position": "relative",
            "transition": "all 450ms cubic-bezier(0.23, 1, 0.32, 1) 0ms",
            "userSelect": "none",
          }
        }
      >
        folder
      </span>
      <label
        className="tree-navigator-row-label"
      >
        Item 2
      </label>
      <span
        className="tree-navigator-row-enter"
        onClick={[Function]}
      >
        <span
          className="material-icons tree-navigator-row-enter-icon"
          color="#313131"
          onMouseEnter={[Function]}
          onMouseLeave={[Function]}
          style={
            Object {
              "color": "#313131",
              "display": "inline-block",
              "fontSize": 20,
              "muiPrepared": true,
              "position": "relative",
              "transition": "all 450ms cubic-bezier(0.23, 1, 0.32, 1) 0ms",
              "userSelect": "none",
            }
          }
        >
          keyboard_arrow_right
        </span>
      </span>
    </div>
  </div>
</div>
`;
