// Jest Snapshot v1, https://goo.gl/fbAQLP

exports[`Close (snapshot) 1`] = `
<span
  className="material-icons "
  color=""
  onMouseEnter={[Function]}
  onMouseLeave={[Function]}
  style={
    Object {
      "color": "rgba(0, 0, 0, 0.87)",
      "display": "inline-block",
      "fontSize": 24,
      "muiPrepared": true,
      "position": "relative",
      "transition": "all 450ms cubic-bezier(0.23, 1, 0.32, 1) 0ms",
      "userSelect": "none",
    }
  }
>
  close
</span>
`;
